
[1;36m======= Adhbhut System Setup - Interactive Menu =======[0m
[1;33mPlease select an option:[0m

0) Run complete scripts (default)
1) Install packages only
2) Install packages and setup tools
3) Install packages and setup terminals
4) Apply themes only
5) Save current theme
6) Exit

Enter your choice (0-6): 
[1;36m======= Applying Themes Only =======[0m

[1;36m======= Theme Selection =======[0m
[1;33mAvailable themes:[0m
  1) Aqua-dark Theme
  2) Aqua Theme
  3) Black Theme
  4) Brown Theme
  5) Dusty-red Theme
  6) Green Theme
  7) Grey Theme
  8) Grey-yellow Theme
  9) Orange Theme
  10) Red Theme
  11) White-green Theme
  12) Yellow Theme
  13) Skip theme application

Enter your choice (1-13): [34m[INFO][0m Selected theme: addy-red
[35m[DEBUG][0m Starting apply_theme with: addy-red
[34m[INFO][0m Applying theme: addy-red
[35m[DEBUG][0m Checking for required functions: set_system_theme_red set_terminal_theme_red set_tmux_theme_red
[35m[DEBUG][0m All required functions found. Starting theme application...
[34m[INFO][0m Applying system theme...

[1;33m➡️  Setting up system theme: addy-red[0m

[1;33m➡️  Installing Yaru GTK theme with 'red' accent...[0m

[1;33m➡️  ✅ Yaru theme is already available on the system.[0m

[1;33m➡️  Creating shell theme: Adhbhut-Transparent[0m

[1;33m➡️  ✅ Shell theme 'Adhbhut-Transparent' created.[0m

[1;33m➡️  Applying custom CSS overrides with accent color #E95420...[0m

[1;33m➡️  Backing up existing GTK3 CSS to gtk.css.bak[0m

[1;33m➡️  Backing up existing GTK4 CSS to gtk.css.bak[0m

[1;33m➡️  ✅ Custom CSS files created.[0m

[1;33m➡️  ✅ System theme 'addy-red' applied successfully.[0m
[35m[DEBUG][0m System theme red succeeded
[34m[INFO][0m Applying terminal theme...

[1;36m➡️  Checking for existing terminal profile: addy-red[0m

[1;36m➡️  Creating new terminal profile: addy-red[0m
error: 520:expected end of input

Usage:
  dconf write KEY VALUE 

Write a new value to a key

Arguments:
  KEY         A key path (starting, but not ending with '/')
  VALUE       The value to write (in GVariant format)


[1;36m➡️  Adding new profile to the list...[0m

[1;36m➡️  Setting 'addy-red' as default profile.[0m

[1;36m➡️  Writing Kitty theme: addy-red[0m

[1;36m➡️  ✅ Kitty theme 'addy-red' written to /home/addy/.config/kitty/themes/addy-red.conf[0m
/home/addy/projects/scripts/conf/terminal.sh: line 99: KITTY_PID: unbound variable
[33m[WARNING][0m Terminal theme application encountered issues.
[35m[DEBUG][0m Terminal theme red failed. Check /tmp/terminal_theme.OGbUSl
[34m[INFO][0m Applying tmux colors for red theme...
[35m[DEBUG][0m Tmux theme red applied successfully
[35m[DEBUG][0m System success: true, Terminal success: false
[33m[WARNING][0m addy-red theme partially applied. Some components may need manual configuration.
[32m[SUCCESS][0m Theme application completed!
[34m[INFO][0m Applying lock screen theme...
🎨 Setting up lock screen to match your theme...
/* Adhbhut Lock Screen Theme */

#lockDialogGroup {
    background: rgba(25, 25, 35, 0.9);
    background-image: url("/home/addy/projects/scripts/conf/wallpapers/red.png");
    background-size: cover;
    background-position: center;
}

.unlock-dialog {
    background: rgba(20, 20, 30, 0.95);
    border: 1px solid #E67CA0;
    border-radius: 12px;
    box-shadow: 0 0 20px rgba(0, 0, 0, 0.5);
}

.unlock-dialog .button {
    background: rgba(30, 30, 45, 0.9);
    color: #E67CA0;
    border: 1px solid #E67CA0;
    border-radius: 6px;
}

.unlock-dialog .button:focus,
.unlock-dialog .button:hover {
    background: #E67CA0;
    color: #ffffff;
}

.login-dialog {
    background: rgba(20, 20, 30, 0.95);
}

.user-widget-label {
    color: #E67CA0;
}

.password-entry {
    background: rgba(30, 30, 45, 0.9);
    color: #E67CA0;
    border: 1px solid #E67CA0;
    border-radius: 6px;
}

.password-entry:focus {
    border-color: #E67CA0;
    box-shadow: 0 0 8px #E67CA0;
}

/* Clock and date */
.clock-time {
    color: #E67CA0;
    font-size: 48pt;
}

.clock-date {
    color: #E67CA0;
    font-size: 14pt;
}

/* System menu */
.popup-menu {
    background: rgba(20, 20, 30, 0.95);
    color: #E67CA0;
    border: 1px solid #E67CA0;
}

/* Power button */
.power-icon {
    color: #E67CA0;
}

.power-icon:hover {
    color: #ffffff;
    background: #E67CA0;
}
<?xml version="1.0" encoding="UTF-8"?>
<gresources>
  <gresource prefix="/org/gnome/shell/theme">
    <file>gdm3.css</file>
  </gresource>
</gresources>
🔨 Compiling GDM theme...
💾 Backing up original GDM theme...
🎯 Applying custom lock screen...
update-alternatives: warning: forcing reinstallation of alternative /usr/share/gnome-shell/theme/Adhbhut-Lockscreen/gnome-shell-theme.gresource because link group gnome-shell-theme.gresource is broken
update-alternatives: warning: not replacing /usr/share/gnome-shell/gnome-shell-theme.gresource with a link
update-alternatives: warning: forcing reinstallation of alternative /usr/share/gnome-shell/theme/Adhbhut-Lockscreen/gnome-shell-theme.gresource because link group gnome-shell-theme.gresource is broken
update-alternatives: warning: not replacing /usr/share/gnome-shell/gnome-shell-theme.gresource with a link
🖼️ Setting GDM background...
[org/gnome/desktop/background]
picture-uri='file:///usr/share/backgrounds/adhbhut-lockscreen.jpg'
✅ Lock screen setup complete!

🔒 To test: Lock your screen (Super+L) or log out
🔄 If issues occur, restart GDM: sudo systemctl restart gdm
[32m[SUCCESS][0m Lock screen theme applied successfully.

[1;36m======= Setup Complete =======[0m
[32m[SUCCESS][0m All requested operations completed!
